2026-08-14 00:56:22 | INFO | Telegram log forwarding active (level: INFO)
2026-08-14 00:56:22 | WARNING | PyNaCl is not installed, voice will NOT be supported.
2026-08-14 00:56:22 | INFO | WATCHDOG_MODE=true — Telegram poll loop disabled (watchdog owns it)
2026-08-14 00:56:22 | INFO | Logging in using static token.
2026-08-14 00:56:22 | INFO | Signal poller started — watching D:\Discord\Bot - Copy\.watchdog_signals
2026-08-14 00:56:23 | INFO | Found user agent Mozilla/5.0 (Windows NT 10.0; Win64; x64) AppleWebKit/537.36 (KHTML, like Gecko) Chrome/152.0.0.0 Safari/537.36, build number 592349.
2026-08-14 00:56:29 | INFO | Connected to Gateway (Session ID: 9ac30365d8adfdd2296606578aab48cf).
2026-08-14 00:56:29 | WARNING | Member list scraping failed for 1457311847542685799 (Failed to automatically choose channels; please specify them manually).
2026-08-14 00:56:31 | INFO | 
  \u2554\u2550\u2550\u2550\u2550\u2550\u2550\u2550\u2550\u2550\u2550\u2550\u2550\u2550\u2550\u2550\u2550\u2550\u2550\u2550\u2550\u2550\u2550\u2550\u2550\u2550\u2550\u2550\u2550\u2550\u2550\u2550\u2550\u2550\u2550\u2550\u2550\u2550\u2550\u2550\u2550\u2550\u2550\u2550\u2550\u2550\u2550\u2557
  \u2551              BOT ONLINE                      \u2551
  \u255a\u2550\u2550\u2550\u2550\u2550\u2550\u2550\u2550\u2550\u2550\u2550\u2550\u2550\u2550\u2550\u2550\u2550\u2550\u2550\u2550\u2550\u2550\u2550\u2550\u2550\u2550\u2550\u2550\u2550\u2550\u2550\u2550\u2550\u2550\u2550\u2550\u2550\u2550\u2550\u2550\u2550\u2550\u2550\u2550\u2550\u2550\u255d
  account    nick.editz_  (id: 1412506213320757460)
  channels   2 monitored
               • 859164604831498280
               • 1535705622107132005
  auto-dm    ON  •  6 variant(s)  •  random  •  cooldown 100s  •  delay 5–15s
  paid req   channel 1433194028609831015  •  author: hr08jaat
  keywords   video, middleman - no, middleman=no, editor, editors
  \u2550\u2550\u2550\u2550\u2550\u2550\u2550\u2550\u2550\u2550\u2550\u2550\u2550\u2550\u2550\u2550\u2550\u2550\u2550\u2550\u2550\u2550\u2550\u2550\u2550\u2550\u2550\u2550\u2550\u2550\u2550\u2550\u2550\u2550\u2550\u2550\u2550\u2550\u2550\u2550\u2550\u2550\u2550\u2550\u2550\u2550
2026-08-14 00:56:34 | INFO | Signal received: queue_status
